../Core/Src/main.c:77:5:main	8	static
../Core/Src/main.c:155:6:SystemClock_Config	72	static
../Core/Src/main.c:192:13:MX_TIM2_Init	32	static
../Core/Src/main.c:237:13:MX_GPIO_Init	32	static
../Core/Src/main.c:290:6:Display_leg7seg	16	static
../Core/Src/main.c:393:6:updateClockBuffer	16	static
../Core/Src/main.c:401:6:displayLEDMatrix	16	static
../Core/Src/main.c:412:6:clearLEDMatrix	8	static
../Core/Src/main.c:423:6:update7SEG	16	static
../Core/Src/main.c:464:6:updateLEDMatrix	16	static
../Core/Src/main.c:529:6:HAL_TIM_PeriodElapsedCallback	16	static
../Core/Src/main.c:550:6:Error_Handler	4	static,ignoring_inline_asm
